<?xml version="1.0"?>
<testsuites>
  <testsuite name="Chrome 29.0 (Linux)" package="" timestamp="2013-07-08T12:25:18" id="0" hostname="joppe" tests="3" errors="0" failures="2" time="0.016">
    <properties>
      <property name="browser.fullName" value="Mozilla/5.0 (X11; Linux x86_64) AppleWebKit/537.36 (KHTML, like Gecko) Chrome/29.0.1547.0 Safari/537.36"/>
    </properties>
    <testcase name="adds two numbers together" time="0.013" classname="Chrome 29.0 (Linux).JavaScript addition operator"/>
    <testcase name="adds three numbers together" time="0.002" classname="Chrome 29.0 (Linux).JavaScript addition operator">
      <failure type="">Expected 6 to equal 3.
Error: Expected 6 to equal 3.
    at null.&lt;anonymous&gt; (/var/www/image-preloader/test/unit/image.spec.js:7:27)
</failure>
    </testcase>
    <testcase name="adds four numbers together" time="0.001" classname="Chrome 29.0 (Linux).JavaScript addition operator">
      <failure type="">Expected 10 to equal 234097.
Error: Expected 10 to equal 234097.
    at null.&lt;anonymous&gt; (/var/www/image-preloader/test/unit/image.spec.js:11:31)
</failure>
    </testcase>
    <system-out><![CDATA[
]]></system-out>
    <system-err/>
  </testsuite>
</testsuites>
